// Jest Snapshot v1, https://goo.gl/fbAQLP

exports[`Sidebar should render with the minimum required props 1`] = `
<Fragment>
  <div
    className="sidebar"
  >
    <div
      className="sidebar__inner"
    >
      <button
        aria-expanded="true"
        className="button sidebar__collapse-toggle hover:w-bg-primary-200 hover:text-white hover:opacity-100"
        onClick={[Function]}
        type="button"
      >
        <Icon
          className="w-transition motion-reduce:w-transition-none
                -w-rotate-180
                "
          name="expand-right"
        />
      </button>
      <div
        className="sidebar__peek-hover-area"
        onBlur={[Function]}
        onFocus={[Function]}
        onMouseEnter={[Function]}
        onMouseLeave={[Function]}
      />
    </div>
  </div>
  <button
    aria-expanded="false"
    className="button sidebar-nav-toggle"
    onClick={[Function]}
    type="button"
  >
    <Icon
      name="bars"
    />
  </button>
</Fragment>
`;
