// Jest Snapshot v1, https://jestjs.io/docs/snapshot-testing

exports[`PageExplorer renders 1`] = `
<PageExplorer
  currentPageId={null}
  depth={0}
  gotoPage={[Function]}
  nodes={{}}
  store={
    {
      "@@observable": [Function],
      "dispatch": [Function],
      "getState": [Function],
      "replaceReducer": [Function],
      "subscribe": [Function],
    }
  }
/>
`;

exports[`PageExplorer renders 2`] = `<Connect(PageExplorer) />`;

exports[`PageExplorer visible 1`] = `
<PageExplorer
  currentPageId={1}
  depth={0}
  gotoPage={[Function]}
  nodes={
    {
      "1": {
        "admin_display_title": "",
        "children": {
          "count": 0,
          "items": [],
        },
        "id": 0,
        "isError": false,
        "isFetching": true,
        "isLoaded": false,
        "meta": {
          "depth": 0,
          "has_children": false,
          "has_unpublished_changes": true,
          "live": false,
          "locale": "",
          "status": "",
          "type": "",
        },
        "title": "",
      },
    }
  }
  store={
    {
      "@@observable": [Function],
      "dispatch": [Function],
      "getState": [Function],
      "replaceReducer": [Function],
      "subscribe": [Function],
    }
  }
/>
`;

exports[`PageExplorer visible 2`] = `""`;
