// Jest Snapshot v1, https://goo.gl/fbAQLP

exports[`SubMenuItem should render with the minimum required props 1`] = `
<li
  className="sidebar-menu-item sidebar-sub-menu-item sidebar-menu-item--active"
>
  <ForwardRef(TippyWrapper)
    disabled={true}
    placement="right"
  >
    <button
      aria-expanded="false"
      aria-haspopup="menu"
      className="sidebar-menu-item__link "
      onClick={[Function]}
      type="button"
    >
      <span
        className="menuitem-label"
      />
      <Icon
        className="sidebar-sub-menu-trigger-icon"
        name="arrow-right"
      />
    </button>
  </ForwardRef(TippyWrapper)>
  <SidebarPanel
    depth={2}
    isOpen={false}
    isVisible={false}
  >
    <div
      className="sidebar-sub-menu-panel"
    >
      <h2
        className=" w-h4"
        id="wagtail-sidebar-submenu-reports-title"
      />
      <ul
        aria-labelledby="wagtail-sidebar-submenu-reports-title"
      />
    </div>
  </SidebarPanel>
</li>
`;
